02:48:29 **** Incremental Build of configuration Debug for project 1852238-MidtermProject24h ****
make -j8 all 
arm-none-eabi-gcc "../Core/Src/button.c" -mcpu=cortex-m3 -std=gnu11 -g3 -DDEBUG -DUSE_HAL_DRIVER -DSTM32F103x6 -c -I../Core/Inc -I../Drivers/STM32F1xx_HAL_Driver/Inc -I../Drivers/STM32F1xx_HAL_Driver/Inc/Legacy -I../Drivers/CMSIS/Device/ST/STM32F1xx/Include -I../Drivers/CMSIS/Include -O0 -ffunction-sections -fdata-sections -Wall -fstack-usage -MMD -MP -MF"Core/Src/button.d" -MT"Core/Src/button.o" --specs=nano.specs -mfloat-abi=soft -mthumb -o "Core/Src/button.o"
arm-none-eabi-gcc -o "1852238-MidtermProject24h.elf" @"objects.list"   -mcpu=cortex-m3 -T"D:\LearningMaterial\Mirco-Processor\Project24h\mProcessor-Project24h\STM32\1852238-MidtermProject24h\STM32F103C6UX_FLASH.ld" --specs=nosys.specs -Wl,-Map="1852238-MidtermProject24h.map" -Wl,--gc-sections -static --specs=nano.specs -mfloat-abi=soft -mthumb -Wl,--start-group -lc -lm -Wl,--end-group
Finished building target: 1852238-MidtermProject24h.elf
 
arm-none-eabi-size   1852238-MidtermProject24h.elf 
arm-none-eabi-objdump -h -S  1852238-MidtermProject24h.elf  > "1852238-MidtermProject24h.list"
arm-none-eabi-objcopy  -O ihex  1852238-MidtermProject24h.elf  "1852238-MidtermProject24h.hex"
arm-none-eabi-objcopy  -O binary  1852238-MidtermProject24h.elf  "1852238-MidtermProject24h.bin"
   text	   data	    bss	    dec	    hex	filename
   9424	     72	   1680	  11176	   2ba8	1852238-MidtermProject24h.elf
Finished building: default.size.stdout
 
Finished building: 1852238-MidtermProject24h.hex
Finished building: 1852238-MidtermProject24h.bin
Finished building: 1852238-MidtermProject24h.list
 
 
 
